   1              		.cpu arm7tdmi
   2              		.fpu softvfp
   3              		.eabi_attribute 20, 1
   4              		.eabi_attribute 21, 1
   5              		.eabi_attribute 23, 3
   6              		.eabi_attribute 24, 1
   7              		.eabi_attribute 25, 1
   8              		.eabi_attribute 26, 1
   9              		.eabi_attribute 30, 6
  10              		.eabi_attribute 18, 4
  11              		.file	"8led.c"
  21              	.Ltext0:
  22              		.file 1 "../8led.c"
 2147              		.align	2
 2150              	Symbol:
 2151 0000 12FFFFFF 		.word	-238
 2152 0004 9FFFFFFF 		.word	-97
 2153 0008 31FFFFFF 		.word	-207
 2154 000c 15FFFFFF 		.word	-235
 2155 0010 9CFFFFFF 		.word	-100
 2156 0014 54FFFFFF 		.word	-172
 2157 0018 D0FFFFFF 		.word	-48
 2158 001c 1FFFFFFF 		.word	-225
 2159 0020 10FFFFFF 		.word	-240
 2160 0024 1CFFFFFF 		.word	-228
 2161 0028 18FFFFFF 		.word	-232
 2162 002c D0FFFFFF 		.word	-48
 2163 0030 72FFFFFF 		.word	-142
 2164 0034 91FFFFFF 		.word	-111
 2165 0038 70FFFFFF 		.word	-144
 2166 003c 78FFFFFF 		.word	-136
 2167 0040 FFFFFFFF 		.word	-1
 2168              		.text
 2169              		.align	2
 2170              		.global	D8Led_init
 2172              	D8Led_init:
 2173              	.LFB0:
   1:../8led.c     **** /*********************************************************************************************
   2:../8led.c     **** * Fichero:	8led.c
   3:../8led.c     **** * Autor:
   4:../8led.c     **** * Descrip:	Funciones de control del display 8-segmentos
   5:../8led.c     **** * Version:
   6:../8led.c     **** *********************************************************************************************/
   7:../8led.c     **** 
   8:../8led.c     **** /*--- ficheros de cabecera ---*/
   9:../8led.c     **** #include "8led.h"
  10:../8led.c     **** #include "44b.h"
  11:../8led.c     **** #include "44blib.h"
  12:../8led.c     **** 
  13:../8led.c     **** /*--- variables globales del m—dulo ---*/
  14:../8led.c     **** /* tabla de segmentos */
  15:../8led.c     **** static int
  16:../8led.c     **** Symbol[size_8led] = { cero, uno, dos, tres, cuatro, cinco, seis, siete, ocho, nueve, A, B, C, D, E,
  17:../8led.c     **** 
  18:../8led.c     **** /*--- c—digo de las funciones ---*/
  19:../8led.c     **** void D8Led_init(void)
  20:../8led.c     **** {
 2174              		.loc 1 20 0
 2175              		.cfi_startproc
 2176              		@ Function supports interworking.
 2177              		@ args = 0, pretend = 0, frame = 0
 2178              		@ frame_needed = 1, uses_anonymous_args = 0
 2179 0000 0DC0A0E1 		mov	ip, sp
 2180              	.LCFI0:
 2181              		.cfi_def_cfa_register 12
 2182 0004 00D82DE9 		stmfd	sp!, {fp, ip, lr, pc}
 2183 0008 04B04CE2 		sub	fp, ip, #4
 2184              		.cfi_offset 14, -8
 2185              		.cfi_offset 13, -12
 2186              		.cfi_offset 11, -16
 2187              	.LCFI1:
 2188              		.cfi_def_cfa 11, 4
  21:../8led.c     **** 	/* Estado inicial del display con todos los segmentos iluminados
  22:../8led.c     **** 	   (buscar en los ficheros de cabecera la direccion implicada) */
  23:../8led.c     **** 	LED8ADDR = (unsigned char) cero;
 2189              		.loc 1 23 0
 2190 000c 8537A0E3 		mov	r3, #34865152
 2191 0010 1220A0E3 		mov	r2, #18
 2192 0014 0020C3E5 		strb	r2, [r3, #0]
  24:../8led.c     **** }
 2193              		.loc 1 24 0
 2194 0018 0CD04BE2 		sub	sp, fp, #12
 2195 001c 00689DE8 		ldmfd	sp, {fp, sp, lr}
 2196 0020 1EFF2FE1 		bx	lr
 2197              		.cfi_endproc
 2198              	.LFE0:
 2200              		.align	2
 2201              		.global	D8Led_symbol
 2203              	D8Led_symbol:
 2204              	.LFB1:
  25:../8led.c     **** 
  26:../8led.c     **** void D8Led_symbol(int value)
  27:../8led.c     **** {
 2205              		.loc 1 27 0
 2206              		.cfi_startproc
 2207              		@ Function supports interworking.
 2208              		@ args = 0, pretend = 0, frame = 8
 2209              		@ frame_needed = 1, uses_anonymous_args = 0
 2210 0024 0DC0A0E1 		mov	ip, sp
 2211              	.LCFI2:
 2212              		.cfi_def_cfa_register 12
 2213 0028 00D82DE9 		stmfd	sp!, {fp, ip, lr, pc}
 2214 002c 04B04CE2 		sub	fp, ip, #4
 2215              		.cfi_offset 14, -8
 2216              		.cfi_offset 13, -12
 2217              		.cfi_offset 11, -16
 2218              	.LCFI3:
 2219              		.cfi_def_cfa 11, 4
 2220 0030 08D04DE2 		sub	sp, sp, #8
 2221 0034 10000BE5 		str	r0, [fp, #-16]
  28:../8led.c     **** 	/* muestra el Symbol[value] en el display (analogo al caso anterior) */
  29:../8led.c     **** 	if ((value >= 0) && (value < size_8led)) {
 2222              		.loc 1 29 0
 2223 0038 10301BE5 		ldr	r3, [fp, #-16]
 2224 003c 000053E3 		cmp	r3, #0
 2225 0040 080000BA 		blt	.L2
 2226              		.loc 1 29 0 is_stmt 0 discriminator 1
 2227 0044 10301BE5 		ldr	r3, [fp, #-16]
 2228 0048 100053E3 		cmp	r3, #16
 2229 004c 050000CA 		bgt	.L2
  30:../8led.c     **** 		LED8ADDR = (unsigned char) Symbol[value];
 2230              		.loc 1 30 0 is_stmt 1
 2231 0050 8537A0E3 		mov	r3, #34865152
 2232 0054 18209FE5 		ldr	r2, .L4
 2233 0058 10101BE5 		ldr	r1, [fp, #-16]
 2234 005c 012192E7 		ldr	r2, [r2, r1, asl #2]
 2235 0060 FF2002E2 		and	r2, r2, #255
 2236 0064 0020C3E5 		strb	r2, [r3, #0]
 2237              	.L2:
  31:../8led.c     **** 	}
  32:../8led.c     **** }
 2238              		.loc 1 32 0
 2239 0068 0CD04BE2 		sub	sp, fp, #12
 2240 006c 00689DE8 		ldmfd	sp, {fp, sp, lr}
 2241 0070 1EFF2FE1 		bx	lr
 2242              	.L5:
 2243              		.align	2
 2244              	.L4:
 2245 0074 00000000 		.word	Symbol
 2246              		.cfi_endproc
 2247              	.LFE1:
 2249              	.Letext0:
DEFINED SYMBOLS
                            *ABS*:00000000 8led.c
C:\Users\Jorge\AppData\Local\Temp\cc8CtHIh.s:2147   .data:00000000 $d
C:\Users\Jorge\AppData\Local\Temp\cc8CtHIh.s:2150   .data:00000000 Symbol
C:\Users\Jorge\AppData\Local\Temp\cc8CtHIh.s:2169   .text:00000000 $a
C:\Users\Jorge\AppData\Local\Temp\cc8CtHIh.s:2172   .text:00000000 D8Led_init
C:\Users\Jorge\AppData\Local\Temp\cc8CtHIh.s:2203   .text:00000024 D8Led_symbol
C:\Users\Jorge\AppData\Local\Temp\cc8CtHIh.s:2245   .text:00000074 $d
                     .debug_frame:00000010 $d

NO UNDEFINED SYMBOLS
