   1              		.cpu arm7tdmi
   2              		.fpu softvfp
   3              		.eabi_attribute 20, 1
   4              		.eabi_attribute 21, 1
   5              		.eabi_attribute 23, 3
   6              		.eabi_attribute 24, 1
   7              		.eabi_attribute 25, 1
   8              		.eabi_attribute 26, 1
   9              		.eabi_attribute 30, 6
  10              		.eabi_attribute 18, 4
  11              		.file	"main.c"
  21              	.Ltext0:
  22              		.file 1 "../main.c"
 2194              		.align	2
 2197              	switch_leds:
 2198 0000 00000000 		.space	4
 2199              		.text
 2200              		.align	2
 2201              		.global	Main
 2203              	Main:
 2204              	.LFB0:
   1:../main.c     **** /*********************************************************************************************
   2:../main.c     ****  * Fichero:	main.c
   3:../main.c     ****  * Autor:
   4:../main.c     ****  * Descrip:	punto de entrada de C
   5:../main.c     ****  * Version:      <P4-ARM.timer-leds>
   6:../main.c     ****  *********************************************************************************************/
   7:../main.c     **** 
   8:../main.c     **** /*--- ficheros de cabecera ---*/
   9:../main.c     **** #include "8led.h"
  10:../main.c     **** #include "button.h"
  11:../main.c     **** #include "led.h"
  12:../main.c     **** #include "timer.h"
  13:../main.c     **** #include "44blib.h"
  14:../main.c     **** #include "44b.h"
  15:../main.c     **** #include "cola.h"
  16:../main.c     **** 
  17:../main.c     **** /*--- variables globales ---*/
  18:../main.c     **** 
  19:../main.c     **** int switch_leds = 0;
  20:../main.c     **** 
  21:../main.c     **** /*--- codigo de funciones ---*/
  22:../main.c     **** void Main(void)
  23:../main.c     **** {
 2205              		.loc 1 23 0
 2206              		.cfi_startproc
 2207              		@ Function supports interworking.
 2208              		@ args = 0, pretend = 0, frame = 0
 2209              		@ frame_needed = 1, uses_anonymous_args = 0
 2210 0000 0DC0A0E1 		mov	ip, sp
 2211              	.LCFI0:
 2212              		.cfi_def_cfa_register 12
 2213 0004 00D82DE9 		stmfd	sp!, {fp, ip, lr, pc}
 2214 0008 04B04CE2 		sub	fp, ip, #4
 2215              		.cfi_offset 14, -8
 2216              		.cfi_offset 13, -12
 2217              		.cfi_offset 11, -16
 2218              	.LCFI1:
 2219              		.cfi_def_cfa 11, 4
  24:../main.c     **** 	/* Inicializa controladores */
  25:../main.c     **** 	sys_init();						// Inicialización de la placa, interrupciones y puertos
 2220              		.loc 1 25 0
 2221 000c FEFFFFEB 		bl	sys_init
  26:../main.c     **** 	timer_init();					// Inicialización del temporizador Timer0
 2222              		.loc 1 26 0
 2223 0010 FEFFFFEB 		bl	timer_init
  27:../main.c     **** 	timer1_inicializar(); // Inicialización del Timer1
 2224              		.loc 1 27 0
 2225 0014 FEFFFFEB 		bl	timer1_inicializar
  28:../main.c     **** 	timer2_init();				// Inicialización del Timer2 para el latido del LED
 2226              		.loc 1 28 0
 2227 0018 FEFFFFEB 		bl	timer2_init
  29:../main.c     **** 	Eint4567_init();			// Inicializar los pulsadores
 2228              		.loc 1 29 0
 2229 001c FEFFFFEB 		bl	Eint4567_init
  30:../main.c     **** 	D8Led_init();					// Inicializar el display 8 LED
 2230              		.loc 1 30 0
 2231 0020 FEFFFFEB 		bl	D8Led_init
  31:../main.c     **** 
  32:../main.c     **** 	/* Valor inicial de los leds */
  33:../main.c     **** 	leds_off(); // Apagar todos los LEDS
 2232              		.loc 1 33 0
 2233 0024 FEFFFFEB 		bl	leds_off
  34:../main.c     **** 	led1_on();	// Encender el LED derecho inicialmente
 2234              		.loc 1 34 0
 2235 0028 FEFFFFEB 		bl	led1_on
 2236              	.L2:
  35:../main.c     **** 
  36:../main.c     **** 	while (1)
  37:../main.c     **** 	{
  38:../main.c     **** 		/* Cambia los leds con cada interrupcion del temporizador */
  39:../main.c     **** 		//		if (switch_leds == 1)
  40:../main.c     **** 		//		{
  41:../main.c     **** 		//			leds_switch();
  42:../main.c     **** 		//			switch_leds = 0;
  43:../main.c     **** 		//		}
  44:../main.c     **** 
  45:../main.c     **** 		/* Llamada para gestionar el estado del botón */
  46:../main.c     **** 	}
 2237              		.loc 1 46 0 discriminator 1
 2238 002c FEFFFFEA 		b	.L2
 2239              		.cfi_endproc
 2240              	.LFE0:
 2242              	.Letext0:
DEFINED SYMBOLS
                            *ABS*:00000000 main.c
C:\Users\Jorge\AppData\Local\Temp\ccf95G2f.s:2197   .bss:00000000 switch_leds
C:\Users\Jorge\AppData\Local\Temp\ccf95G2f.s:2194   .bss:00000000 $d
C:\Users\Jorge\AppData\Local\Temp\ccf95G2f.s:2200   .text:00000000 $a
C:\Users\Jorge\AppData\Local\Temp\ccf95G2f.s:2203   .text:00000000 Main
                     .debug_frame:00000010 $d

UNDEFINED SYMBOLS
sys_init
timer_init
timer1_inicializar
timer2_init
Eint4567_init
D8Led_init
leds_off
led1_on
