Archive member included because of file (symbol)

c:/users/jorge/downloads/eclipsearm/sourcery-g++-lite-arm-2011.03/bin/../lib/gcc/arm-none-eabi/4.5.2\libgcc.a(_divsi3.o)
                              ./common/44blib.o (__aeabi_idiv)
c:/users/jorge/downloads/eclipsearm/sourcery-g++-lite-arm-2011.03/bin/../lib/gcc/arm-none-eabi/4.5.2\libgcc.a(_dvmd_tls.o)
                              c:/users/jorge/downloads/eclipsearm/sourcery-g++-lite-arm-2011.03/bin/../lib/gcc/arm-none-eabi/4.5.2\libgcc.a(_divsi3.o) (__aeabi_idiv0)

Allocating common symbols
Common symbol       size              file

fileSize            0x4               ./common/44blib.o
pila_debug          0x4b0             ./cola.o
downPt              0x4               ./common/44blib.o

Memory Configuration

Name             Origin             Length             Attributes
*default*        0x00000000         0xffffffff

Linker script and memory map

LOAD ./common/44binit.o
LOAD ./common/44blib.o
LOAD ./8led.o
LOAD ./button.o
LOAD ./cola.o
LOAD ./led.o
LOAD ./main.o
LOAD ./timer.o
START GROUP
LOAD c:/users/jorge/downloads/eclipsearm/sourcery-g++-lite-arm-2011.03/bin/../lib/gcc/arm-none-eabi/4.5.2\libgcc.a
LOAD c:/users/jorge/downloads/eclipsearm/sourcery-g++-lite-arm-2011.03/bin/../lib/gcc/arm-none-eabi/4.5.2/../../../../arm-none-eabi/lib\libc.a
END GROUP
                0x0c000000                . = 0xc000000
                0x0c000000                Image_RO_Base = .

.text           0x0c000000     0x19d4
 *(.text)
 .text          0x0c000000      0x70c ./common/44binit.o
 .text          0x0c00070c      0x46c ./common/44blib.o
                0x0c00070c                Delay
                0x0c000844                DelayMs
                0x0c0008a8                Port_Init
                0x0c000a38                malloc
                0x0c000ad8                free
                0x0c000b08                sys_init
 .text          0x0c000b78       0x78 ./8led.o
                0x0c000b78                D8Led_init
                0x0c000b9c                D8Led_symbol
 .text          0x0c000bf0      0x488 ./button.o
                0x0c000bf0                Eint4567_ISR
                0x0c000f98                Eint4567_init
 .text          0x0c001078       0xfc ./cola.o
                0x0c001078                push_debug
 .text          0x0c001174      0x23c ./led.o
                0x0c001174                leds_on
                0x0c001194                leds_off
                0x0c0011b4                led1_on
                0x0c0011f4                led1_off
                0x0c001234                led2_on
                0x0c001274                led2_off
                0x0c0012b4                leds_switch
                0x0c0012f4                Led_Display
 .text          0x0c0013b0       0x30 ./main.o
                0x0c0013b0                Main
 .text          0x0c0013e0      0x4a8 ./timer.o
                0x0c0013e0                timer_ISR
                0x0c001428                timer_init
                0x0c0014e8                timer1_inicializar
                0x0c0015cc                timer1_ISR
                0x0c00161c                timer1_empezar
                0x0c001694                timer1_leer
                0x0c0016f0                timer1_parar
                0x0c00172c                timer2_ISR
                0x0c00179c                timer2_init
 .text          0x0c001888      0x148 c:/users/jorge/downloads/eclipsearm/sourcery-g++-lite-arm-2011.03/bin/../lib/gcc/arm-none-eabi/4.5.2\libgcc.a(_divsi3.o)
                0x0c001888                __divsi3
                0x0c001888                __aeabi_idiv
                0x0c0019b0                __aeabi_idivmod
 .text          0x0c0019d0        0x4 c:/users/jorge/downloads/eclipsearm/sourcery-g++-lite-arm-2011.03/bin/../lib/gcc/arm-none-eabi/4.5.2\libgcc.a(_dvmd_tls.o)
                0x0c0019d0                __aeabi_idiv0
                0x0c0019d0                __aeabi_ldiv0

.glue_7         0x0c0019d4        0x0
 .glue_7        0x00000000        0x0 linker stubs

.glue_7t        0x0c0019d4        0x0
 .glue_7t       0x00000000        0x0 linker stubs

.vfp11_veneer   0x0c0019d4        0x0
 .vfp11_veneer  0x00000000        0x0 linker stubs

.v4_bx          0x0c0019d4        0x0
 .v4_bx         0x00000000        0x0 linker stubs
                0x0c0019d4                . = ALIGN (0x4)
                0x0c0019d4                Image_RO_Limit = .
                0x0c0019d4                Image_RW_Base = .

.data           0x0c0019d4       0x5a
 *(.data)
 .data          0x0c0019d4        0x6 ./common/44binit.o
                0x0c0019d4                BDRAMTYPE
 *fill*         0x0c0019da        0x2 00
 .data          0x0c0019dc        0xc ./common/44blib.o
                0x0c0019dc                mallocPt
                0x0c0019e0                run
 .data          0x0c0019e8       0x44 ./8led.o
 .data          0x0c001a2c        0x1 ./button.o
 .data          0x0c001a2d        0x0 ./cola.o
 .data          0x0c001a2d        0x0 ./led.o
 .data          0x0c001a2d        0x0 ./main.o
 .data          0x0c001a2d        0x1 ./timer.o
                0x0c001a2d                timer_event
 .data          0x0c001a2e        0x0 c:/users/jorge/downloads/eclipsearm/sourcery-g++-lite-arm-2011.03/bin/../lib/gcc/arm-none-eabi/4.5.2\libgcc.a(_divsi3.o)
 .data          0x0c001a2e        0x0 c:/users/jorge/downloads/eclipsearm/sourcery-g++-lite-arm-2011.03/bin/../lib/gcc/arm-none-eabi/4.5.2\libgcc.a(_dvmd_tls.o)

.rodata
 *(.rodata)
                0x0c001a2e                Image_RW_Limit = .
                0x0c001a30                . = ALIGN (0x4)
                0x0c001a30                Image_ZI_Base = .

.bss            0x0c001a30      0x4e0
 *(.bss)
 .bss           0x0c001a30        0x0 ./common/44binit.o
 .bss           0x0c001a30        0x4 ./common/44blib.o
                0x0c001a30                restart
 .bss           0x0c001a34        0x0 ./8led.o
 .bss           0x0c001a34       0x10 ./button.o
 .bss           0x0c001a44        0x4 ./cola.o
                0x0c001a44                indice_pila
 .bss           0x0c001a48        0x4 ./led.o
 .bss           0x0c001a4c        0x4 ./main.o
                0x0c001a4c                switch_leds
 .bss           0x0c001a50        0x8 ./timer.o
                0x0c001a50                timer1_num_int
 .bss           0x0c001a58        0x0 c:/users/jorge/downloads/eclipsearm/sourcery-g++-lite-arm-2011.03/bin/../lib/gcc/arm-none-eabi/4.5.2\libgcc.a(_divsi3.o)
 .bss           0x0c001a58        0x0 c:/users/jorge/downloads/eclipsearm/sourcery-g++-lite-arm-2011.03/bin/../lib/gcc/arm-none-eabi/4.5.2\libgcc.a(_dvmd_tls.o)
 COMMON         0x0c001a58        0x8 ./common/44blib.o
                0x0c001a58                fileSize
                0x0c001a5c                downPt
 COMMON         0x0c001a60      0x4b0 ./cola.o
                0x0c001a60                pila_debug
                0x0c001f10                Image_ZI_Limit = .
                0x0c001f10                __bss_start__ = .
                0x0c001f10                __bss_end__ = .
                0x0c001f10                __EH_FRAME_BEGIN__ = .
                0x0c001f10                __EH_FRAME_END__ = .
                0x0c001f10                PROVIDE (__stack, .)
                0x0c001f10                end = .
                0x0c001f10                _end = .

.ARM.attributes
                0x00000000       0x2e
 .ARM.attributes
                0x00000000       0x22 ./common/44binit.o
 .ARM.attributes
                0x00000022       0x32 ./common/44blib.o
 .ARM.attributes
                0x00000054       0x32 ./8led.o
 .ARM.attributes
                0x00000086       0x32 ./button.o
 .ARM.attributes
                0x000000b8       0x32 ./cola.o
 .ARM.attributes
                0x000000ea       0x32 ./led.o
 .ARM.attributes
                0x0000011c       0x32 ./main.o
 .ARM.attributes
                0x0000014e       0x32 ./timer.o
 .ARM.attributes
                0x00000180       0x1a c:/users/jorge/downloads/eclipsearm/sourcery-g++-lite-arm-2011.03/bin/../lib/gcc/arm-none-eabi/4.5.2\libgcc.a(_divsi3.o)
 .ARM.attributes
                0x0000019a       0x18 c:/users/jorge/downloads/eclipsearm/sourcery-g++-lite-arm-2011.03/bin/../lib/gcc/arm-none-eabi/4.5.2\libgcc.a(_dvmd_tls.o)

.comment        0x00000000       0x2a
 .comment       0x00000000       0x2a ./common/44blib.o
                                 0x2b (size before relaxing)
 .comment       0x00000000       0x2b ./8led.o
 .comment       0x00000000       0x2b ./button.o
 .comment       0x00000000       0x2b ./cola.o
 .comment       0x00000000       0x2b ./led.o
 .comment       0x00000000       0x2b ./main.o
 .comment       0x00000000       0x2b ./timer.o

.debug_info     0x00000000      0xa8a
 *(.debug_info)
 .debug_info    0x00000000       0x6f ./common/44binit.o
 .debug_info    0x0000006f      0x229 ./common/44blib.o
 .debug_info    0x00000298      0x10d ./8led.o
 .debug_info    0x000003a5      0x1e4 ./button.o
 .debug_info    0x00000589      0x183 ./cola.o
 .debug_info    0x0000070c       0xf6 ./led.o
 .debug_info    0x00000802       0x97 ./main.o
 .debug_info    0x00000899      0x1f1 ./timer.o

.debug_line     0x00000000      0xcf0
 *(.debug_line)
 .debug_line    0x00000000      0x10f ./common/44binit.o
 .debug_line    0x0000010f      0x3c7 ./common/44blib.o
 .debug_line    0x000004d6       0xa5 ./8led.o
 .debug_line    0x0000057b      0x258 ./button.o
 .debug_line    0x000007d3      0x178 ./cola.o
 .debug_line    0x0000094b       0xb8 ./led.o
 .debug_line    0x00000a03      0x1f9 ./main.o
 .debug_line    0x00000bfc       0xf4 ./timer.o

.debug_abbrev   0x00000000      0x53a
 *(.debug_abbrev)
 .debug_abbrev  0x00000000       0x14 ./common/44binit.o
 .debug_abbrev  0x00000014      0x11f ./common/44blib.o
 .debug_abbrev  0x00000133       0xa7 ./8led.o
 .debug_abbrev  0x000001da       0xc7 ./button.o
 .debug_abbrev  0x000002a1       0xc5 ./cola.o
 .debug_abbrev  0x00000366       0x69 ./led.o
 .debug_abbrev  0x000003cf       0x52 ./main.o
 .debug_abbrev  0x00000421      0x119 ./timer.o

.debug_frame    0x00000000      0x458
 *(.debug_frame)
 .debug_frame   0x00000000       0xd0 ./common/44blib.o
 .debug_frame   0x000000d0       0x50 ./8led.o
 .debug_frame   0x00000120       0x5c ./button.o
 .debug_frame   0x0000017c       0x30 ./cola.o
 .debug_frame   0x000001ac      0x110 ./led.o
 .debug_frame   0x000002bc       0x30 ./main.o
 .debug_frame   0x000002ec      0x14c ./timer.o
 .debug_frame   0x00000438       0x20 c:/users/jorge/downloads/eclipsearm/sourcery-g++-lite-arm-2011.03/bin/../lib/gcc/arm-none-eabi/4.5.2\libgcc.a(_divsi3.o)
OUTPUT(Practica_2_PH.elf elf32-littlearm)

.debug_aranges  0x00000000      0x100
 .debug_aranges
                0x00000000       0x20 ./common/44binit.o
 .debug_aranges
                0x00000020       0x20 ./common/44blib.o
 .debug_aranges
                0x00000040       0x20 ./8led.o
 .debug_aranges
                0x00000060       0x20 ./button.o
 .debug_aranges
                0x00000080       0x20 ./cola.o
 .debug_aranges
                0x000000a0       0x20 ./led.o
 .debug_aranges
                0x000000c0       0x20 ./main.o
 .debug_aranges
                0x000000e0       0x20 ./timer.o

.debug_macinfo  0x00000000    0x2547f
 .debug_macinfo
                0x00000000     0x8301 ./common/44blib.o
 .debug_macinfo
                0x00008301     0x50b0 ./8led.o
 .debug_macinfo
                0x0000d3b1     0x5b5d ./button.o
 .debug_macinfo
                0x00012f0e     0x2a14 ./cola.o
 .debug_macinfo
                0x00015922     0x50af ./led.o
 .debug_macinfo
                0x0001a9d1     0x59ea ./main.o
 .debug_macinfo
                0x000203bb     0x50c4 ./timer.o

.debug_loc      0x00000000      0x4fc
 .debug_loc     0x00000000      0x108 ./common/44blib.o
 .debug_loc     0x00000108       0x58 ./8led.o
 .debug_loc     0x00000160       0x58 ./button.o
 .debug_loc     0x000001b8       0x2c ./cola.o
 .debug_loc     0x000001e4      0x160 ./led.o
 .debug_loc     0x00000344       0x2c ./main.o
 .debug_loc     0x00000370      0x18c ./timer.o

.debug_pubnames
                0x00000000      0x2ba
 .debug_pubnames
                0x00000000       0x90 ./common/44blib.o
 .debug_pubnames
                0x00000090       0x32 ./8led.o
 .debug_pubnames
                0x000000c2       0x35 ./button.o
 .debug_pubnames
                0x000000f7       0x40 ./cola.o
 .debug_pubnames
                0x00000137       0x7d ./led.o
 .debug_pubnames
                0x000001b4       0x2b ./main.o
 .debug_pubnames
                0x000001df       0xdb ./timer.o

.debug_pubtypes
                0x00000000       0xa5
 .debug_pubtypes
                0x00000000       0x12 ./common/44blib.o
 .debug_pubtypes
                0x00000012       0x2c ./button.o
 .debug_pubtypes
                0x0000003e       0x39 ./cola.o
 .debug_pubtypes
                0x00000077       0x12 ./main.o
 .debug_pubtypes
                0x00000089       0x1c ./timer.o

.debug_str      0x00000000      0x425
 .debug_str     0x00000000      0x129 ./common/44blib.o
                                0x167 (size before relaxing)
 .debug_str     0x00000129       0x66 ./8led.o
                                 0xb5 (size before relaxing)
 .debug_str     0x0000018f       0xf2 ./button.o
                                0x1b9 (size before relaxing)
 .debug_str     0x00000281       0x69 ./cola.o
                                0x177 (size before relaxing)
 .debug_str     0x000002ea       0x68 ./led.o
                                 0xa4 (size before relaxing)
 .debug_str     0x00000352       0x1b ./main.o
                                 0xdb (size before relaxing)
 .debug_str     0x0000036d       0xb8 ./timer.o
                                0x178 (size before relaxing)
