Archive member included because of file (symbol)

c:/users/jorge/downloads/eclipsearm/sourcery-g++-lite-arm-2011.03/bin/../lib/gcc/arm-none-eabi/4.5.2\libgcc.a(_divsi3.o)
                              ./common/44blib.o (__aeabi_idiv)
c:/users/jorge/downloads/eclipsearm/sourcery-g++-lite-arm-2011.03/bin/../lib/gcc/arm-none-eabi/4.5.2\libgcc.a(_dvmd_tls.o)
                              c:/users/jorge/downloads/eclipsearm/sourcery-g++-lite-arm-2011.03/bin/../lib/gcc/arm-none-eabi/4.5.2\libgcc.a(_divsi3.o) (__aeabi_idiv0)
c:/users/jorge/downloads/eclipsearm/sourcery-g++-lite-arm-2011.03/bin/../lib/gcc/arm-none-eabi/4.5.2/../../../../arm-none-eabi/lib\libc.a(lib_a-strlen.o)
                              ./lcd.o (strlen)

Allocating common symbols
Common symbol       size              file

ucCursorBackUp      0x78              ./Bmp.o
ulMouseY            0x2               ./Bmp.o
fileSize            0x4               ./common/44blib.o
celdas_vacias       0x4               ./sudoku_2024.o
ulMouseX            0x2               ./Bmp.o
button_id           0x4               ./button.o
pila_debug          0x4b0             ./cola.o
last_timer_value    0x4               ./button.o
ready               0x4               ./sudoku_2024.o
downPt              0x4               ./common/44blib.o

Memory Configuration

Name             Origin             Length             Attributes
*default*        0x00000000         0xffffffff

Linker script and memory map

LOAD ./common/44binit.o
LOAD ./common/44blib.o
LOAD ./common/AscII6x8.o
LOAD ./common/AscII8x16.o
LOAD ./8led.o
LOAD ./Bmp.o
LOAD ./button.o
LOAD ./cola.o
LOAD ./lcd.o
LOAD ./led.o
LOAD ./main.o
LOAD ./sudoku_2024.o
LOAD ./timer.o
START GROUP
LOAD c:/users/jorge/downloads/eclipsearm/sourcery-g++-lite-arm-2011.03/bin/../lib/gcc/arm-none-eabi/4.5.2\libgcc.a
LOAD c:/users/jorge/downloads/eclipsearm/sourcery-g++-lite-arm-2011.03/bin/../lib/gcc/arm-none-eabi/4.5.2/../../../../arm-none-eabi/lib\libc.a
END GROUP
                0x0c000000                . = 0xc000000
                0x0c000000                Image_RO_Base = .

.text           0x0c000000     0x5970
 *(.text)
 .text          0x0c000000      0x924 ./common/44binit.o
                0x0c000704                sudoku_candidatos_init_arm
                0x0c0007e4                sudoku_candidatos_propagar_arm
 .text          0x0c000924      0x46c ./common/44blib.o
                0x0c000924                Delay
                0x0c000a5c                DelayMs
                0x0c000ac0                Port_Init
                0x0c000c50                malloc
                0x0c000cf0                free
                0x0c000d20                sys_init
 .text          0x0c000d90        0x0 ./common/AscII6x8.o
 .text          0x0c000d90        0x0 ./common/AscII8x16.o
 .text          0x0c000d90       0x78 ./8led.o
                0x0c000d90                D8Led_init
                0x0c000db4                D8Led_symbol
 .text          0x0c000e08      0x800 ./Bmp.o
                0x0c000e08                BitmapView
                0x0c000f94                BitmapPush
                0x0c001200                BitmapPop
                0x0c00148c                CursorInit
                0x0c0014e0                CursorPush
                0x0c00153c                CursorPop
                0x0c001598                CursorView
 .text          0x0c001608      0x1f0 ./button.o
                0x0c001608                Eint4567_ISR
                0x0c001718                Eint4567_init
 .text          0x0c0017f8       0xf8 ./cola.o
                0x0c0017f8                push_debug
 .text          0x0c0018f0     0x2070 ./lcd.o
                0x0c0018f0                Lcd_Init
                0x0c001a84                Lcd_Active_Clr
                0x0c001aec                LCD_GetPixel
                0x0c001bbc                Lcd_Clr
                0x0c001c28                LcdClrRect
                0x0c002278                Lcd_Draw_Box
                0x0c002314                Lcd_Draw_Line
                0x0c002c6c                Lcd_Draw_HLine
                0x0c002e74                Lcd_Draw_VLine
                0x0c0030ac                Lcd_DisplayString
                0x0c0030d8                Lcd_DspAscII8x16
                0x0c0033ec                Lcd_DspAscII6x8
                0x0c0035b0                ReverseLine
                0x0c0036a4                Zdma0Done
                0x0c0036e4                Lcd_Dma_Trans
                0x0c00377c                Lcd_Test
 .text          0x0c003960      0x23c ./led.o
                0x0c003960                leds_on
                0x0c003980                leds_off
                0x0c0039a0                led1_on
                0x0c0039e0                led1_off
                0x0c003a20                led2_on
                0x0c003a60                led2_off
                0x0c003aa0                leds_switch
                0x0c003ae0                Led_Display
 .text          0x0c003b9c      0x19c ./main.o
                0x0c003b9c                Main
 .text          0x0c003d38      0xe3c ./sudoku_2024.o
                0x0c003d38                celda_poner_valor
                0x0c003db0                celda_leer_valor
                0x0c003de8                sudoku_candidatos_propagar_c
                0x0c004108                sudoku_candidatos_init_c
                0x0c0042e4                cuadricula_candidatos_verificar
                0x0c0044c8                LCD_mostrar_sudoku
                0x0c004b34                sudoku9x9
 .text          0x0c004b74      0xc50 ./timer.o
                0x0c004b74                timer_ISR
                0x0c004ce4                timer_init
                0x0c004dc8                timer1_inicializar
                0x0c004eac                timer1_ISR
                0x0c005540                timer1_empezar
                0x0c0055b8                timer1_leer
                0x0c005614                timer1_parar
                0x0c005650                timer2_ISR
                0x0c0056dc                timer2_init
 .text          0x0c0057c4      0x148 c:/users/jorge/downloads/eclipsearm/sourcery-g++-lite-arm-2011.03/bin/../lib/gcc/arm-none-eabi/4.5.2\libgcc.a(_divsi3.o)
                0x0c0057c4                __divsi3
                0x0c0057c4                __aeabi_idiv
                0x0c0058ec                __aeabi_idivmod
 .text          0x0c00590c        0x4 c:/users/jorge/downloads/eclipsearm/sourcery-g++-lite-arm-2011.03/bin/../lib/gcc/arm-none-eabi/4.5.2\libgcc.a(_dvmd_tls.o)
                0x0c00590c                __aeabi_idiv0
                0x0c00590c                __aeabi_ldiv0
 .text          0x0c005910       0x60 c:/users/jorge/downloads/eclipsearm/sourcery-g++-lite-arm-2011.03/bin/../lib/gcc/arm-none-eabi/4.5.2/../../../../arm-none-eabi/lib\libc.a(lib_a-strlen.o)
                0x0c005910                strlen

.glue_7         0x0c005970        0x0
 .glue_7        0x00000000        0x0 linker stubs

.glue_7t        0x0c005970        0x0
 .glue_7t       0x00000000        0x0 linker stubs

.vfp11_veneer   0x0c005970        0x0
 .vfp11_veneer  0x00000000        0x0 linker stubs

.v4_bx          0x0c005970        0x0
 .v4_bx         0x00000000        0x0 linker stubs
                0x0c005970                . = ALIGN (0x4)
                0x0c005970                Image_RO_Limit = .
                0x0c005970                Image_RW_Base = .

.data           0x0c005980      0x1ac
 *(.data)
 .data          0x0c005980      0x140 ./common/44binit.o
                0x0c005980                BDRAMTYPE
                0x0c0059a0                cuadricula
 .data          0x0c005ac0        0xc ./common/44blib.o
                0x0c005ac0                mallocPt
                0x0c005ac4                run
 .data          0x0c005acc        0x0 ./common/AscII6x8.o
 .data          0x0c005acc        0x0 ./common/AscII8x16.o
 .data          0x0c005acc       0x44 ./8led.o
 .data          0x0c005b10       0x10 ./Bmp.o
                0x0c005b10                Stru_Bitmap_gbMouse
 .data          0x0c005b20        0x0 ./button.o
 .data          0x0c005b20        0x0 ./cola.o
 .data          0x0c005b20        0x1 ./lcd.o
 .data          0x0c005b21        0x0 ./led.o
 .data          0x0c005b21        0x0 ./main.o
 .data          0x0c005b21        0x0 ./sudoku_2024.o
 *fill*         0x0c005b21        0x3 00
 .data          0x0c005b24        0x8 ./timer.o
 .data          0x0c005b2c        0x0 c:/users/jorge/downloads/eclipsearm/sourcery-g++-lite-arm-2011.03/bin/../lib/gcc/arm-none-eabi/4.5.2\libgcc.a(_divsi3.o)
 .data          0x0c005b2c        0x0 c:/users/jorge/downloads/eclipsearm/sourcery-g++-lite-arm-2011.03/bin/../lib/gcc/arm-none-eabi/4.5.2\libgcc.a(_dvmd_tls.o)
 .data          0x0c005b2c        0x0 c:/users/jorge/downloads/eclipsearm/sourcery-g++-lite-arm-2011.03/bin/../lib/gcc/arm-none-eabi/4.5.2/../../../../arm-none-eabi/lib\libc.a(lib_a-strlen.o)

.rodata         0x0c005b2c     0x16d8
 *(.rodata)
 .rodata        0x0c005b2c      0x400 ./common/AscII6x8.o
                0x0c005b2c                g_auc_Ascii6x8
 .rodata        0x0c005f2c     0x1004 ./common/AscII8x16.o
                0x0c005f2c                g_auc_Ascii8x16
 .rodata        0x0c006f30       0xf0 ./Bmp.o
                0x0c006f30                ucMouseMap
 .rodata        0x0c007020       0x14 ./lcd.o
 .rodata        0x0c007034      0x1bc ./main.o
 .rodata        0x0c0071f0       0x14 ./sudoku_2024.o
                0x0c007204                Image_RW_Limit = .
                0x0c007204                . = ALIGN (0x4)
                0x0c007204                Image_ZI_Base = .

.bss            0x0c007204      0x588
 *(.bss)
 .bss           0x0c007204        0x0 ./common/44binit.o
 .bss           0x0c007204        0x4 ./common/44blib.o
                0x0c007204                restart
 .bss           0x0c007208        0x0 ./common/AscII6x8.o
 .bss           0x0c007208        0x0 ./common/AscII8x16.o
 .bss           0x0c007208        0x0 ./8led.o
 .bss           0x0c007208        0x0 ./Bmp.o
 .bss           0x0c007208        0xc ./button.o
                0x0c007208                led8_count
                0x0c00720c                button_state
                0x0c007210                button_flag
 .bss           0x0c007214        0x4 ./cola.o
                0x0c007214                indice_pila
 .bss           0x0c007218        0x0 ./lcd.o
 .bss           0x0c007218        0x4 ./led.o
 .bss           0x0c00721c        0x4 ./main.o
                0x0c00721c                switch_leds
 .bss           0x0c007220        0x8 ./sudoku_2024.o
                0x0c007220                sudoku_status
                0x0c007224                errors
 .bss           0x0c007228       0x20 ./timer.o
                0x0c007228                timer1_num_int
                0x0c00722c                led_event_counter
                0x0c007230                game_started
                0x0c007234                time_counter
                0x0c007238                seconds
 .bss           0x0c007248        0x0 c:/users/jorge/downloads/eclipsearm/sourcery-g++-lite-arm-2011.03/bin/../lib/gcc/arm-none-eabi/4.5.2\libgcc.a(_divsi3.o)
 .bss           0x0c007248        0x0 c:/users/jorge/downloads/eclipsearm/sourcery-g++-lite-arm-2011.03/bin/../lib/gcc/arm-none-eabi/4.5.2\libgcc.a(_dvmd_tls.o)
 .bss           0x0c007248        0x0 c:/users/jorge/downloads/eclipsearm/sourcery-g++-lite-arm-2011.03/bin/../lib/gcc/arm-none-eabi/4.5.2/../../../../arm-none-eabi/lib\libc.a(lib_a-strlen.o)
 COMMON         0x0c007248        0x8 ./common/44blib.o
                0x0c007248                fileSize
                0x0c00724c                downPt
 COMMON         0x0c007250       0x7c ./Bmp.o
                0x0c007250                ucCursorBackUp
                0x0c0072c8                ulMouseY
                0x0c0072ca                ulMouseX
 COMMON         0x0c0072cc        0x8 ./button.o
                0x0c0072cc                button_id
                0x0c0072d0                last_timer_value
 COMMON         0x0c0072d4      0x4b0 ./cola.o
                0x0c0072d4                pila_debug
 COMMON         0x0c007784        0x8 ./sudoku_2024.o
                0x0c007784                celdas_vacias
                0x0c007788                ready
                0x0c00778c                Image_ZI_Limit = .
                0x0c00778c                __bss_start__ = .
                0x0c00778c                __bss_end__ = .
                0x0c00778c                __EH_FRAME_BEGIN__ = .
                0x0c00778c                __EH_FRAME_END__ = .
                0x0c00778c                PROVIDE (__stack, .)
                0x0c00778c                end = .
                0x0c00778c                _end = .

.ARM.attributes
                0x00000000       0x2e
 .ARM.attributes
                0x00000000       0x22 ./common/44binit.o
 .ARM.attributes
                0x00000022       0x32 ./common/44blib.o
 .ARM.attributes
                0x00000054       0x32 ./common/AscII6x8.o
 .ARM.attributes
                0x00000086       0x32 ./common/AscII8x16.o
 .ARM.attributes
                0x000000b8       0x32 ./8led.o
 .ARM.attributes
                0x000000ea       0x32 ./Bmp.o
 .ARM.attributes
                0x0000011c       0x32 ./button.o
 .ARM.attributes
                0x0000014e       0x32 ./cola.o
 .ARM.attributes
                0x00000180       0x32 ./lcd.o
 .ARM.attributes
                0x000001b2       0x32 ./led.o
 .ARM.attributes
                0x000001e4       0x32 ./main.o
 .ARM.attributes
                0x00000216       0x32 ./sudoku_2024.o
 .ARM.attributes
                0x00000248       0x32 ./timer.o
 .ARM.attributes
                0x0000027a       0x1a c:/users/jorge/downloads/eclipsearm/sourcery-g++-lite-arm-2011.03/bin/../lib/gcc/arm-none-eabi/4.5.2\libgcc.a(_divsi3.o)
 .ARM.attributes
                0x00000294       0x18 c:/users/jorge/downloads/eclipsearm/sourcery-g++-lite-arm-2011.03/bin/../lib/gcc/arm-none-eabi/4.5.2\libgcc.a(_dvmd_tls.o)
 .ARM.attributes
                0x000002ac       0x34 c:/users/jorge/downloads/eclipsearm/sourcery-g++-lite-arm-2011.03/bin/../lib/gcc/arm-none-eabi/4.5.2/../../../../arm-none-eabi/lib\libc.a(lib_a-strlen.o)

.comment        0x00000000       0x2a
 .comment       0x00000000       0x2a ./common/44blib.o
                                 0x2b (size before relaxing)
 .comment       0x00000000       0x2b ./common/AscII6x8.o
 .comment       0x00000000       0x2b ./common/AscII8x16.o
 .comment       0x00000000       0x2b ./8led.o
 .comment       0x00000000       0x2b ./Bmp.o
 .comment       0x00000000       0x2b ./button.o
 .comment       0x00000000       0x2b ./cola.o
 .comment       0x00000000       0x2b ./lcd.o
 .comment       0x00000000       0x2b ./led.o
 .comment       0x00000000       0x2b ./main.o
 .comment       0x00000000       0x2b ./sudoku_2024.o
 .comment       0x00000000       0x2b ./timer.o

.debug_info     0x00000000     0x20b3
 *(.debug_info)
 .debug_info    0x00000000       0x6f ./common/44binit.o
 .debug_info    0x0000006f      0x23e ./common/44blib.o
 .debug_info    0x000002ad       0x60 ./common/AscII6x8.o
 .debug_info    0x0000030d       0x60 ./common/AscII8x16.o
 .debug_info    0x0000036d      0x15a ./8led.o
 .debug_info    0x000004c7      0x33c ./Bmp.o
 .debug_info    0x00000803      0x1d3 ./button.o
 .debug_info    0x000009d6      0x14b ./cola.o
 .debug_info    0x00000b21      0x7d5 ./lcd.o
 .debug_info    0x000012f6      0x14a ./led.o
 .debug_info    0x00001440       0xe4 ./main.o
 .debug_info    0x00001524      0x740 ./sudoku_2024.o
 .debug_info    0x00001c64      0x44f ./timer.o

.debug_line     0x00000000     0x1f70
 *(.debug_line)
 .debug_line    0x00000000      0x19e ./common/44binit.o
 .debug_line    0x0000019e      0x417 ./common/44blib.o
 .debug_line    0x000005b5       0x3e ./common/AscII6x8.o
 .debug_line    0x000005f3       0x3f ./common/AscII8x16.o
 .debug_line    0x00000632      0x21c ./8led.o
 .debug_line    0x0000084e      0x116 ./Bmp.o
 .debug_line    0x00000964      0x288 ./button.o
 .debug_line    0x00000bec      0x178 ./cola.o
 .debug_line    0x00000d64      0x4c4 ./lcd.o
 .debug_line    0x00001228      0x22f ./led.o
 .debug_line    0x00001457      0x29b ./main.o
 .debug_line    0x000016f2      0x545 ./sudoku_2024.o
 .debug_line    0x00001c37      0x339 ./timer.o

.debug_abbrev   0x00000000      0xaf0
 *(.debug_abbrev)
 .debug_abbrev  0x00000000       0x14 ./common/44binit.o
 .debug_abbrev  0x00000014      0x135 ./common/44blib.o
 .debug_abbrev  0x00000149       0x4b ./common/AscII6x8.o
 .debug_abbrev  0x00000194       0x4b ./common/AscII8x16.o
 .debug_abbrev  0x000001df       0xa7 ./8led.o
 .debug_abbrev  0x00000286       0xf8 ./Bmp.o
 .debug_abbrev  0x0000037e       0xc3 ./button.o
 .debug_abbrev  0x00000441       0xaf ./cola.o
 .debug_abbrev  0x000004f0      0x1d2 ./lcd.o
 .debug_abbrev  0x000006c2       0x8a ./led.o
 .debug_abbrev  0x0000074c       0x8b ./main.o
 .debug_abbrev  0x000007d7      0x18c ./sudoku_2024.o
 .debug_abbrev  0x00000963      0x18d ./timer.o

.debug_frame    0x00000000      0x8b0
 *(.debug_frame)
 .debug_frame   0x00000000       0xd0 ./common/44blib.o
 .debug_frame   0x000000d0       0x50 ./8led.o
 .debug_frame   0x00000120       0xf4 ./Bmp.o
 .debug_frame   0x00000214       0x64 ./button.o
 .debug_frame   0x00000278       0x30 ./cola.o
 .debug_frame   0x000002a8      0x21c ./lcd.o
 .debug_frame   0x000004c4      0x110 ./led.o
 .debug_frame   0x000005d4       0x30 ./main.o
 .debug_frame   0x00000604      0x110 ./sudoku_2024.o
 .debug_frame   0x00000714      0x15c ./timer.o
 .debug_frame   0x00000870       0x20 c:/users/jorge/downloads/eclipsearm/sourcery-g++-lite-arm-2011.03/bin/../lib/gcc/arm-none-eabi/4.5.2\libgcc.a(_divsi3.o)
 .debug_frame   0x00000890       0x20 c:/users/jorge/downloads/eclipsearm/sourcery-g++-lite-arm-2011.03/bin/../lib/gcc/arm-none-eabi/4.5.2/../../../../arm-none-eabi/lib\libc.a(lib_a-strlen.o)
OUTPUT(Practica_2_PH.elf elf32-littlearm)

.debug_aranges  0x00000000      0x160
 .debug_aranges
                0x00000000       0x20 ./common/44binit.o
 .debug_aranges
                0x00000020       0x20 ./common/44blib.o
 .debug_aranges
                0x00000040       0x20 ./8led.o
 .debug_aranges
                0x00000060       0x20 ./Bmp.o
 .debug_aranges
                0x00000080       0x20 ./button.o
 .debug_aranges
                0x000000a0       0x20 ./cola.o
 .debug_aranges
                0x000000c0       0x20 ./lcd.o
 .debug_aranges
                0x000000e0       0x20 ./led.o
 .debug_aranges
                0x00000100       0x20 ./main.o
 .debug_aranges
                0x00000120       0x20 ./sudoku_2024.o
 .debug_aranges
                0x00000140       0x20 ./timer.o

.debug_macinfo  0x00000000    0x43d56
 .debug_macinfo
                0x00000000     0x9c41 ./common/44blib.o
 .debug_macinfo
                0x00009c41     0x2297 ./common/AscII6x8.o
 .debug_macinfo
                0x0000bed8     0x2297 ./common/AscII8x16.o
 .debug_macinfo
                0x0000e16f     0x6b01 ./8led.o
 .debug_macinfo
                0x00014c70     0x28a4 ./Bmp.o
 .debug_macinfo
                0x00017514     0x6cef ./button.o
 .debug_macinfo
                0x0001e203     0x2a35 ./cola.o
 .debug_macinfo
                0x00020c38     0x72d2 ./lcd.o
 .debug_macinfo
                0x00027f0a     0x6b00 ./led.o
 .debug_macinfo
                0x0002ea0a     0x7320 ./main.o
 .debug_macinfo
                0x00035d2a     0x6d2b ./sudoku_2024.o
 .debug_macinfo
                0x0003ca55     0x7301 ./timer.o

.debug_loc      0x00000000      0xa50
 .debug_loc     0x00000000      0x108 ./common/44blib.o
 .debug_loc     0x00000108       0x58 ./8led.o
 .debug_loc     0x00000160      0x134 ./Bmp.o
 .debug_loc     0x00000294       0x58 ./button.o
 .debug_loc     0x000002ec       0x2c ./cola.o
 .debug_loc     0x00000318      0x2c0 ./lcd.o
 .debug_loc     0x000005d8      0x160 ./led.o
 .debug_loc     0x00000738       0x2c ./main.o
 .debug_loc     0x00000764      0x160 ./sudoku_2024.o
 .debug_loc     0x000008c4      0x18c ./timer.o

.debug_pubnames
                0x00000000      0x679
 .debug_pubnames
                0x00000000       0x90 ./common/44blib.o
 .debug_pubnames
                0x00000090       0x25 ./common/AscII6x8.o
 .debug_pubnames
                0x000000b5       0x26 ./common/AscII8x16.o
 .debug_pubnames
                0x000000db       0x32 ./8led.o
 .debug_pubnames
                0x0000010d       0xcd ./Bmp.o
 .debug_pubnames
                0x000001da       0x88 ./button.o
 .debug_pubnames
                0x00000262       0x40 ./cola.o
 .debug_pubnames
                0x000002a2      0x123 ./lcd.o
 .debug_pubnames
                0x000003c5       0x7d ./led.o
 .debug_pubnames
                0x00000442       0x2b ./main.o
 .debug_pubnames
                0x0000046d       0xfd ./sudoku_2024.o
 .debug_pubnames
                0x0000056a      0x10f ./timer.o

.debug_pubtypes
                0x00000000      0x1af
 .debug_pubtypes
                0x00000000       0x12 ./common/44blib.o
 .debug_pubtypes
                0x00000012       0x12 ./8led.o
 .debug_pubtypes
                0x00000024       0x2d ./Bmp.o
 .debug_pubtypes
                0x00000051       0x33 ./button.o
 .debug_pubtypes
                0x00000084       0x2f ./cola.o
 .debug_pubtypes
                0x000000b3       0x2d ./lcd.o
 .debug_pubtypes
                0x000000e0       0x12 ./led.o
 .debug_pubtypes
                0x000000f2       0x12 ./main.o
 .debug_pubtypes
                0x00000104       0x61 ./sudoku_2024.o
 .debug_pubtypes
                0x00000165       0x4a ./timer.o

.debug_str      0x00000000      0x947
 .debug_str     0x00000000      0x140 ./common/44blib.o
                                0x17e (size before relaxing)
 .debug_str     0x00000140       0x24 ./common/AscII6x8.o
                                 0x7b (size before relaxing)
 .debug_str     0x00000164       0x26 ./common/AscII8x16.o
                                 0x7d (size before relaxing)
 .debug_str     0x0000018a       0x66 ./8led.o
                                0x143 (size before relaxing)
 .debug_str     0x000001f0       0xfc ./Bmp.o
                                0x16d (size before relaxing)
 .debug_str     0x000002ec      0x101 ./button.o
                                0x1e0 (size before relaxing)
 .debug_str     0x000003ed       0x69 ./cola.o
                                0x129 (size before relaxing)
 .debug_str     0x00000456      0x1a1 ./lcd.o
                                0x30e (size before relaxing)
 .debug_str     0x000005f7       0x68 ./led.o
                                0x13f (size before relaxing)
 .debug_str     0x0000065f       0x23 ./main.o
                                0x104 (size before relaxing)
 .debug_str     0x00000682      0x1db ./sudoku_2024.o
                                0x3a2 (size before relaxing)
 .debug_str     0x0000085d       0xea ./timer.o
                                0x2f9 (size before relaxing)
