Archive member included because of file (symbol)

c:/users/jorge/downloads/eclipsearm/sourcery-g++-lite-arm-2011.03/bin/../lib/gcc/arm-none-eabi/4.5.2\libgcc.a(_divsi3.o)
                              ./common/44blib.o (__aeabi_idiv)
c:/users/jorge/downloads/eclipsearm/sourcery-g++-lite-arm-2011.03/bin/../lib/gcc/arm-none-eabi/4.5.2\libgcc.a(_dvmd_tls.o)
                              c:/users/jorge/downloads/eclipsearm/sourcery-g++-lite-arm-2011.03/bin/../lib/gcc/arm-none-eabi/4.5.2\libgcc.a(_divsi3.o) (__aeabi_idiv0)

Allocating common symbols
Common symbol       size              file

fileSize            0x4               ./common/44blib.o
pila_debug          0x4b0             ./cola.o
downPt              0x4               ./common/44blib.o

Memory Configuration

Name             Origin             Length             Attributes
*default*        0x00000000         0xffffffff

Linker script and memory map

LOAD ./common/44binit.o
LOAD ./common/44blib.o
LOAD ./8led.o
LOAD ./button.o
LOAD ./cola.o
LOAD ./led.o
LOAD ./main.o
LOAD ./timer.o
START GROUP
LOAD c:/users/jorge/downloads/eclipsearm/sourcery-g++-lite-arm-2011.03/bin/../lib/gcc/arm-none-eabi/4.5.2\libgcc.a
LOAD c:/users/jorge/downloads/eclipsearm/sourcery-g++-lite-arm-2011.03/bin/../lib/gcc/arm-none-eabi/4.5.2/../../../../arm-none-eabi/lib\libc.a
END GROUP
                0x0c000000                . = 0xc000000
                0x0c000000                Image_RO_Base = .

.text           0x0c000000     0x19e0
 *(.text)
 .text          0x0c000000      0x70c ./common/44binit.o
 .text          0x0c00070c      0x46c ./common/44blib.o
                0x0c00070c                Delay
                0x0c000844                DelayMs
                0x0c0008a8                Port_Init
                0x0c000a38                malloc
                0x0c000ad8                free
                0x0c000b08                sys_init
 .text          0x0c000b78       0x78 ./8led.o
                0x0c000b78                D8Led_init
                0x0c000b9c                D8Led_symbol
 .text          0x0c000bf0      0x474 ./button.o
                0x0c000bf0                Eint4567_ISR
                0x0c000f84                Eint4567_init
 .text          0x0c001064       0xfc ./cola.o
                0x0c001064                push_debug
 .text          0x0c001160      0x23c ./led.o
                0x0c001160                leds_on
                0x0c001180                leds_off
                0x0c0011a0                led1_on
                0x0c0011e0                led1_off
                0x0c001220                led2_on
                0x0c001260                led2_off
                0x0c0012a0                leds_switch
                0x0c0012e0                Led_Display
 .text          0x0c00139c       0x30 ./main.o
                0x0c00139c                Main
 .text          0x0c0013cc      0x4c8 ./timer.o
                0x0c0013cc                timer_ISR
                0x0c001414                timer_init
                0x0c0014d4                timer1_inicializar
                0x0c0015b8                timer1_ISR
                0x0c001608                timer1_empezar
                0x0c001680                timer1_leer
                0x0c0016dc                timer1_parar
                0x0c001718                timer2_ISR
                0x0c0017ac                timer2_init
 .text          0x0c001894      0x148 c:/users/jorge/downloads/eclipsearm/sourcery-g++-lite-arm-2011.03/bin/../lib/gcc/arm-none-eabi/4.5.2\libgcc.a(_divsi3.o)
                0x0c001894                __divsi3
                0x0c001894                __aeabi_idiv
                0x0c0019bc                __aeabi_idivmod
 .text          0x0c0019dc        0x4 c:/users/jorge/downloads/eclipsearm/sourcery-g++-lite-arm-2011.03/bin/../lib/gcc/arm-none-eabi/4.5.2\libgcc.a(_dvmd_tls.o)
                0x0c0019dc                __aeabi_idiv0
                0x0c0019dc                __aeabi_ldiv0

.glue_7         0x0c0019e0        0x0
 .glue_7        0x00000000        0x0 linker stubs

.glue_7t        0x0c0019e0        0x0
 .glue_7t       0x00000000        0x0 linker stubs

.vfp11_veneer   0x0c0019e0        0x0
 .vfp11_veneer  0x00000000        0x0 linker stubs

.v4_bx          0x0c0019e0        0x0
 .v4_bx         0x00000000        0x0 linker stubs
                0x0c0019e0                . = ALIGN (0x4)
                0x0c0019e0                Image_RO_Limit = .
                0x0c0019e0                Image_RW_Base = .

.data           0x0c0019e0       0x5a
 *(.data)
 .data          0x0c0019e0        0x6 ./common/44binit.o
                0x0c0019e0                BDRAMTYPE
 *fill*         0x0c0019e6        0x2 00
 .data          0x0c0019e8        0xc ./common/44blib.o
                0x0c0019e8                mallocPt
                0x0c0019ec                run
 .data          0x0c0019f4       0x44 ./8led.o
 .data          0x0c001a38        0x1 ./button.o
 .data          0x0c001a39        0x0 ./cola.o
 .data          0x0c001a39        0x0 ./led.o
 .data          0x0c001a39        0x0 ./main.o
 .data          0x0c001a39        0x1 ./timer.o
                0x0c001a39                timer_event
 .data          0x0c001a3a        0x0 c:/users/jorge/downloads/eclipsearm/sourcery-g++-lite-arm-2011.03/bin/../lib/gcc/arm-none-eabi/4.5.2\libgcc.a(_divsi3.o)
 .data          0x0c001a3a        0x0 c:/users/jorge/downloads/eclipsearm/sourcery-g++-lite-arm-2011.03/bin/../lib/gcc/arm-none-eabi/4.5.2\libgcc.a(_dvmd_tls.o)

.rodata
 *(.rodata)
                0x0c001a3a                Image_RW_Limit = .
                0x0c001a3c                . = ALIGN (0x4)
                0x0c001a3c                Image_ZI_Base = .

.bss            0x0c001a3c      0x4e0
 *(.bss)
 .bss           0x0c001a3c        0x0 ./common/44binit.o
 .bss           0x0c001a3c        0x4 ./common/44blib.o
                0x0c001a3c                restart
 .bss           0x0c001a40        0x0 ./8led.o
 .bss           0x0c001a40       0x10 ./button.o
 .bss           0x0c001a50        0x4 ./cola.o
                0x0c001a50                indice_pila
 .bss           0x0c001a54        0x4 ./led.o
 .bss           0x0c001a58        0x4 ./main.o
                0x0c001a58                switch_leds
 .bss           0x0c001a5c        0x8 ./timer.o
                0x0c001a5c                timer1_num_int
                0x0c001a60                led_event_counter
 .bss           0x0c001a64        0x0 c:/users/jorge/downloads/eclipsearm/sourcery-g++-lite-arm-2011.03/bin/../lib/gcc/arm-none-eabi/4.5.2\libgcc.a(_divsi3.o)
 .bss           0x0c001a64        0x0 c:/users/jorge/downloads/eclipsearm/sourcery-g++-lite-arm-2011.03/bin/../lib/gcc/arm-none-eabi/4.5.2\libgcc.a(_dvmd_tls.o)
 COMMON         0x0c001a64        0x8 ./common/44blib.o
                0x0c001a64                fileSize
                0x0c001a68                downPt
 COMMON         0x0c001a6c      0x4b0 ./cola.o
                0x0c001a6c                pila_debug
                0x0c001f1c                Image_ZI_Limit = .
                0x0c001f1c                __bss_start__ = .
                0x0c001f1c                __bss_end__ = .
                0x0c001f1c                __EH_FRAME_BEGIN__ = .
                0x0c001f1c                __EH_FRAME_END__ = .
                0x0c001f1c                PROVIDE (__stack, .)
                0x0c001f1c                end = .
                0x0c001f1c                _end = .

.ARM.attributes
                0x00000000       0x2e
 .ARM.attributes
                0x00000000       0x22 ./common/44binit.o
 .ARM.attributes
                0x00000022       0x32 ./common/44blib.o
 .ARM.attributes
                0x00000054       0x32 ./8led.o
 .ARM.attributes
                0x00000086       0x32 ./button.o
 .ARM.attributes
                0x000000b8       0x32 ./cola.o
 .ARM.attributes
                0x000000ea       0x32 ./led.o
 .ARM.attributes
                0x0000011c       0x32 ./main.o
 .ARM.attributes
                0x0000014e       0x32 ./timer.o
 .ARM.attributes
                0x00000180       0x1a c:/users/jorge/downloads/eclipsearm/sourcery-g++-lite-arm-2011.03/bin/../lib/gcc/arm-none-eabi/4.5.2\libgcc.a(_divsi3.o)
 .ARM.attributes
                0x0000019a       0x18 c:/users/jorge/downloads/eclipsearm/sourcery-g++-lite-arm-2011.03/bin/../lib/gcc/arm-none-eabi/4.5.2\libgcc.a(_dvmd_tls.o)

.comment        0x00000000       0x2a
 .comment       0x00000000       0x2a ./common/44blib.o
                                 0x2b (size before relaxing)
 .comment       0x00000000       0x2b ./8led.o
 .comment       0x00000000       0x2b ./button.o
 .comment       0x00000000       0x2b ./cola.o
 .comment       0x00000000       0x2b ./led.o
 .comment       0x00000000       0x2b ./main.o
 .comment       0x00000000       0x2b ./timer.o

.debug_info     0x00000000      0xb3e
 *(.debug_info)
 .debug_info    0x00000000       0x6f ./common/44binit.o
 .debug_info    0x0000006f      0x229 ./common/44blib.o
 .debug_info    0x00000298      0x145 ./8led.o
 .debug_info    0x000003dd      0x1d6 ./button.o
 .debug_info    0x000005b3      0x183 ./cola.o
 .debug_info    0x00000736      0x135 ./led.o
 .debug_info    0x0000086b       0x97 ./main.o
 .debug_info    0x00000902      0x23c ./timer.o

.debug_line     0x00000000     0x1169
 *(.debug_line)
 .debug_line    0x00000000      0x10f ./common/44binit.o
 .debug_line    0x0000010f      0x3f8 ./common/44blib.o
 .debug_line    0x00000507      0x1f1 ./8led.o
 .debug_line    0x000006f8      0x27d ./button.o
 .debug_line    0x00000975      0x178 ./cola.o
 .debug_line    0x00000aed      0x204 ./led.o
 .debug_line    0x00000cf1      0x239 ./main.o
 .debug_line    0x00000f2a      0x23f ./timer.o

.debug_abbrev   0x00000000      0x539
 *(.debug_abbrev)
 .debug_abbrev  0x00000000       0x14 ./common/44binit.o
 .debug_abbrev  0x00000014      0x11f ./common/44blib.o
 .debug_abbrev  0x00000133       0xa7 ./8led.o
 .debug_abbrev  0x000001da       0xb4 ./button.o
 .debug_abbrev  0x0000028e       0xc5 ./cola.o
 .debug_abbrev  0x00000353       0x74 ./led.o
 .debug_abbrev  0x000003c7       0x52 ./main.o
 .debug_abbrev  0x00000419      0x120 ./timer.o

.debug_frame    0x00000000      0x458
 *(.debug_frame)
 .debug_frame   0x00000000       0xd0 ./common/44blib.o
 .debug_frame   0x000000d0       0x50 ./8led.o
 .debug_frame   0x00000120       0x5c ./button.o
 .debug_frame   0x0000017c       0x30 ./cola.o
 .debug_frame   0x000001ac      0x110 ./led.o
 .debug_frame   0x000002bc       0x30 ./main.o
 .debug_frame   0x000002ec      0x14c ./timer.o
 .debug_frame   0x00000438       0x20 c:/users/jorge/downloads/eclipsearm/sourcery-g++-lite-arm-2011.03/bin/../lib/gcc/arm-none-eabi/4.5.2\libgcc.a(_divsi3.o)
OUTPUT(Practica_2_PH.elf elf32-littlearm)

.debug_aranges  0x00000000      0x100
 .debug_aranges
                0x00000000       0x20 ./common/44binit.o
 .debug_aranges
                0x00000020       0x20 ./common/44blib.o
 .debug_aranges
                0x00000040       0x20 ./8led.o
 .debug_aranges
                0x00000060       0x20 ./button.o
 .debug_aranges
                0x00000080       0x20 ./cola.o
 .debug_aranges
                0x000000a0       0x20 ./led.o
 .debug_aranges
                0x000000c0       0x20 ./main.o
 .debug_aranges
                0x000000e0       0x20 ./timer.o

.debug_macinfo  0x00000000    0x27b1b
 .debug_macinfo
                0x00000000     0x8c67 ./common/44blib.o
 .debug_macinfo
                0x00008c67     0x5a16 ./8led.o
 .debug_macinfo
                0x0000e67d     0x5bdf ./button.o
 .debug_macinfo
                0x0001425c     0x2a14 ./cola.o
 .debug_macinfo
                0x00016c70     0x5a15 ./led.o
 .debug_macinfo
                0x0001c685     0x5a6c ./main.o
 .debug_macinfo
                0x000220f1     0x5a2a ./timer.o

.debug_loc      0x00000000      0x4fc
 .debug_loc     0x00000000      0x108 ./common/44blib.o
 .debug_loc     0x00000108       0x58 ./8led.o
 .debug_loc     0x00000160       0x58 ./button.o
 .debug_loc     0x000001b8       0x2c ./cola.o
 .debug_loc     0x000001e4      0x160 ./led.o
 .debug_loc     0x00000344       0x2c ./main.o
 .debug_loc     0x00000370      0x18c ./timer.o

.debug_pubnames
                0x00000000      0x2d0
 .debug_pubnames
                0x00000000       0x90 ./common/44blib.o
 .debug_pubnames
                0x00000090       0x32 ./8led.o
 .debug_pubnames
                0x000000c2       0x35 ./button.o
 .debug_pubnames
                0x000000f7       0x40 ./cola.o
 .debug_pubnames
                0x00000137       0x7d ./led.o
 .debug_pubnames
                0x000001b4       0x2b ./main.o
 .debug_pubnames
                0x000001df       0xf1 ./timer.o

.debug_pubtypes
                0x00000000       0xc9
 .debug_pubtypes
                0x00000000       0x12 ./common/44blib.o
 .debug_pubtypes
                0x00000012       0x12 ./8led.o
 .debug_pubtypes
                0x00000024       0x2c ./button.o
 .debug_pubtypes
                0x00000050       0x39 ./cola.o
 .debug_pubtypes
                0x00000089       0x12 ./led.o
 .debug_pubtypes
                0x0000009b       0x12 ./main.o
 .debug_pubtypes
                0x000000ad       0x1c ./timer.o

.debug_str      0x00000000      0x427
 .debug_str     0x00000000      0x129 ./common/44blib.o
                                0x167 (size before relaxing)
 .debug_str     0x00000129       0x66 ./8led.o
                                0x12c (size before relaxing)
 .debug_str     0x0000018f       0xed ./button.o
                                0x1b4 (size before relaxing)
 .debug_str     0x0000027c       0x69 ./cola.o
                                0x177 (size before relaxing)
 .debug_str     0x000002e5       0x68 ./led.o
                                0x128 (size before relaxing)
 .debug_str     0x0000034d       0x1b ./main.o
                                 0xdb (size before relaxing)
 .debug_str     0x00000368       0xbf ./timer.o
                                0x1f6 (size before relaxing)
